#
# A fatal error has been detected by the Java Runtime Environment:
#
#  SIGSEGV (0xb) at pc=0x00007ff8050090c6, pid=17657, tid=0x000000000000d51b
#
# JRE version: Java(TM) SE Runtime Environment (8.0_202-b08) (build 1.8.0_202-b08)
# Java VM: Java HotSpot(TM) 64-Bit Server VM (25.202-b08 mixed mode bsd-amd64 compressed oops)
# Problematic frame:
# C  [libdyld.dylib+0x10c6]  _dyld_for_each_objc_class+0x1c
#
# Failed to write core dump. Core dumps have been disabled. To enable core dumping, try "ulimit -c unlimited" before starting Java again
#
# If you would like to submit a bug report, please visit:
#   http://bugreport.java.com/bugreport/crash.jsp
#

---------------  T H R E A D  ---------------

Current thread is native thread

siginfo: si_signo: 11 (SIGSEGV), si_code: 1 (SEGV_MAPERR), si_addr: 0x0000000128b664e0

Registers:
RAX=0x0000000202e2cc48, RBX=0x00007ff8054afc30, RCX=0x0000000000000029, RDX=0x000000030b2eaf30
RSP=0x000000030b2eaf28, RBP=0x000000030b2eaf70, RSI=0x00007ff8054afc30, RDI=0x000000010afa2060
R8 =0x00007f7b3900d038, R9 =0x00000000000026ab, R10=0x00007ff846619b00, R11=0x00007ff8050ab325
R12=0x00006000008481c0, R13=0x000060000224c0f0, R14=0x000000030b2eaf58, R15=0x00007ff8054afc30
RIP=0x00007ff8050090c6, EFLAGS=0x0000000000000246, ERR=0x0000000000000004
  TRAPNO=0x000000000000000e

Top of Stack: (sp=0x000000030b2eaf28)
0x000000030b2eaf28:   00007ff804e9a66f 00007ff8467b76d0
0x000000030b2eaf38:   00000000c6000000 00007ff804ea111d
0x000000030b2eaf48:   00007ff844d02d08 000000030b2eaf58
0x000000030b2eaf58:   0000000000000000 000000030b2eaff8
0x000000030b2eaf68:   00007ff8054afc30 000000030b2eaf90
0x000000030b2eaf78:   00007ff804e9a5a8 000000030b2eaff8
0x000000030b2eaf88:   00007ff847c0f3c8 000000030b2eafe0
0x000000030b2eaf98:   00007ff804e9a45e 0000000000000019
0x000000030b2eafa8:   00007f7b79c04660 00006000008481c0
0x000000030b2eafb8:   000000030b2eaff8 00006000008481c0
0x000000030b2eafc8:   000060000224c0f0 00007ff847c0f3c8
0x000000030b2eafd8:   00007ff804e96280 000000030b2eb030
0x000000030b2eafe8:   00007ff8050ac61d 00007ff81f806958
0x000000030b2eaff8:   00006000013151a0 e7ee50f7fac80024
0x000000030b2eb008:   0000600002c543c0 0000000000000000
0x000000030b2eb018:   000060000224c0f0 00007ff81f819b24
0x000000030b2eb028:   00006000008481c0 000000030b2eb040
0x000000030b2eb038:   00007ff805e15b0a 000000030b2eb100
0x000000030b2eb048:   00007ff805e14008 00007ff846795748
0x000000030b2eb058:   00007ff846794c00 0000600002c543c0
0x000000030b2eb068:   0000600000804440 000000030b2eb0c0
0x000000030b2eb078:   00007ff804e99570 ffff9ffffd3af920
0x000000030b2eb088:   00007f7b7a26ef40 00007ff846795740
0x000000030b2eb098:   0000600002c506e0 00007f7b3880a000
0x000000030b2eb0a8:   00007ff804e1c2a9 0000000000000000
0x000000030b2eb0b8:   0000600002c506e0 000000030b2eb100
0x000000030b2eb0c8:   0000600002c50000 e7ee50f7fac80024
0x000000030b2eb0d8:   000060000224c0f0 0000600002c543c0
0x000000030b2eb0e8:   0000600003952d60 00007f7b3900d058
0x000000030b2eb0f8:   000000030b2eb260 000000030b2eb190
0x000000030b2eb108:   00007ff805e13912 00007f7b3880a000
0x000000030b2eb118:   0000600002c506e0 00007ff8467bcfd0 

Instructions: (pc=0x00007ff8050090c6)
0x00007ff8050090a6:   40 5d ff e0 55 48 89 e5 48 89 f2 48 89 fe 48 8b
0x00007ff8050090b6:   3d 25 04 7e 41 48 8b 07 48 8b 80 d0 02 00 00 5d
0x00007ff8050090c6:   ff e0 55 48 89 e5 48 89 fe 48 8b 3d 0a 04 7e 41
0x00007ff8050090d6:   48 8b 07 48 8b 40 48 5d ff e0 55 48 89 e5 48 8b 

Register to memory mapping:

RAX=0x0000000202e2cc48 is an unknown value
RBX=0x00007ff8054afc30: _CFStringCreateByAddingPercentEncodingWithAllowedCharacters.hexchars+0x34b0 in /System/Library/Frameworks/CoreFoundation.framework/Versions/A/CoreFoundation at 0x00007ff805049000
RCX=0x0000000000000029 is an unknown value
RDX=0x000000030b2eaf30 is an unknown value
RSP=0x000000030b2eaf28 is an unknown value
RBP=0x000000030b2eaf70 is an unknown value
RSI=0x00007ff8054afc30: _CFStringCreateByAddingPercentEncodingWithAllowedCharacters.hexchars+0x34b0 in /System/Library/Frameworks/CoreFoundation.framework/Versions/A/CoreFoundation at 0x00007ff805049000
RDI=0x000000010afa2060 is an unknown value
R8 =0x00007f7b3900d038 is an unknown value
R9 =0x00000000000026ab is an unknown value
R10=0x00007ff846619b00: OBJC_CLASS_$_NSMethodSignature+0 in /System/Library/Frameworks/CoreFoundation.framework/Versions/A/CoreFoundation at 0x00007ff805049000
R11=0x00007ff8050ab325: -[NSMethodSignature _frameDescriptor]+0 in /System/Library/Frameworks/CoreFoundation.framework/Versions/A/CoreFoundation at 0x00007ff805049000
R12=0x00006000008481c0 is an unknown value
R13=0x000060000224c0f0 is an unknown value
R14=0x000000030b2eaf58 is an unknown value
R15=0x00007ff8054afc30: _CFStringCreateByAddingPercentEncodingWithAllowedCharacters.hexchars+0x34b0 in /System/Library/Frameworks/CoreFoundation.framework/Versions/A/CoreFoundation at 0x00007ff805049000


Stack: [0x000000030b269000,0x000000030b2ec000],  sp=0x000000030b2eaf28,  free space=519k
Native frames: (J=compiled Java code, j=interpreted, Vv=VM code, C=native code)
C  [libdyld.dylib+0x10c6]  _dyld_for_each_objc_class+0x1c
C  [libobjc.A.dylib+0xd5a8]  _ZL23getClassExceptSomeSwiftPKc+0xf
C  [libobjc.A.dylib+0xd45e]  look_up_class+0x46
C  [CoreFoundation+0x6361d]  -[NSInvocation invoke]+0xd4
C  [Foundation+0x20b0a]  __NSXPCCONNECTION_IS_CALLING_OUT_TO_REPLY_BLOCK__+0x11
C  [Foundation+0x1f008]  -[NSXPCConnection _decodeAndInvokeReplyBlockWithEvent:sequence:replyInfo:]+0x2a4
C  [Foundation+0x1e912]  __88-[NSXPCConnection _sendInvocation:orArguments:count:methodSignature:selector:withProxy:]_block_invoke_3+0xcd
C  [Foundation+0x1c8e6]  -[NSXPCConnection _sendInvocation:orArguments:count:methodSignature:selector:withProxy:]+0xc87
C  [Foundation+0x22f99]  -[NSXPCConnection _sendSelector:withProxy:arg1:arg2:]+0x84
C  [Foundation+0x22ec4]  _NSXPCDistantObjectSimpleMessageSend2+0x3f
C  [SharedFileList+0x14ce0]  __28-[SFLGenericList _fetchList]_block_invoke+0x158
C  [libsystem_trace.dylib+0x7a0a]  _os_activity_initiate_impl+0x33
C  [SharedFileList+0x269c]  -[SFLGenericList _fetchList]+0xc5
C  [SharedFileList+0x13e62]  __47-[SFLGenericList handleListChangeNotification:]_block_invoke_2+0x3f
C  [libsystem_trace.dylib+0x7a0a]  _os_activity_initiate_impl+0x33
C  [SharedFileList+0x13e14]  __47-[SFLGenericList handleListChangeNotification:]_block_invoke+0x5f
C  [libdispatch.dylib+0x1ad8]  _dispatch_call_block_and_release+0xc
C  [libdispatch.dylib+0x2cc9]  _dispatch_client_callout+0x8
C  [libdispatch.dylib+0x53bf]  _dispatch_queue_override_invoke+0x321
C  [libdispatch.dylib+0x123ba]  _dispatch_root_queue_drain+0x157
C  [libdispatch.dylib+0x12b5a]  _dispatch_worker_thread2+0xa0
C  [libsystem_pthread.dylib+0x302e]  _pthread_wqthread+0x100
C  [libsystem_pthread.dylib+0x1ffb]  start_wqthread+0xf


---------------  P R O C E S S  ---------------

VM state:not at safepoint (normal execution)

VM Mutex/Monitor currently owned by a thread: None

heap address: 0x00000006c0000000, size: 4096 MB, Compressed Oops mode: Zero based, Oop shift amount: 3
Narrow klass base: 0x0000000000000000, Narrow klass shift: 3
Compressed class space size: 1073741824 Address: 0x00000007c0000000

Heap:
 PSYoungGen      total 76288K, used 15753K [0x000000076ab00000, 0x0000000770000000, 0x00000007c0000000)
  eden space 65536K, 24% used [0x000000076ab00000,0x000000076ba62450,0x000000076eb00000)
  from space 10752K, 0% used [0x000000076f580000,0x000000076f580000,0x0000000770000000)
  to   space 10752K, 0% used [0x000000076eb00000,0x000000076eb00000,0x000000076f580000)
 ParOldGen       total 175104K, used 0K [0x00000006c0000000, 0x00000006cab00000, 0x000000076ab00000)
  object space 175104K, 0% used [0x00000006c0000000,0x00000006c0000000,0x00000006cab00000)
 Metaspace       used 5189K, capacity 5350K, committed 5504K, reserved 1056768K
  class space    used 559K, capacity 632K, committed 640K, reserved 1048576K

Card table byte_map: [0x000000010b6d1000,0x000000010bed2000] byte_map_base: 0x00000001080d1000

Marking Bits: (ParMarkBitMap*) 0x000000010c96ae40
 Begin Bits: [0x000000011d47c000, 0x000000012147c000)
 End Bits:   [0x000000012147c000, 0x000000012547c000)

Polling page: 0x000000010b0f6000

CodeCache: size=245760Kb used=2039Kb max_used=2050Kb free=243720Kb
 bounds [0x000000010df26000, 0x000000010e196000, 0x000000011cf26000]
 total_blobs=665 nmethods=401 adapters=187
 compilation: enabled

Compilation events (10 events):
Event: 6.649 Thread 0x00007f7b7b030800 nmethod 386 0x000000010e11d190 code [0x000000010e11d2e0, 0x000000010e11d3f0]
Event: 6.653 Thread 0x00007f7b78812000 nmethod 384 0x000000010e1206d0 code [0x000000010e120840, 0x000000010e120eb8]
Event: 6.923 Thread 0x00007f7b7b030800  388       3       sun.misc.MetaIndex::mayContain (51 bytes)
Event: 6.923 Thread 0x00007f7b7b030800 nmethod 388 0x000000010e11f1d0 code [0x000000010e11f380, 0x000000010e11fa18]
Event: 6.924 Thread 0x00007f7b7a051800  389   !   4       java.io.BufferedReader::readLine (304 bytes)
Event: 6.926 Thread 0x00007f7b7b030800  390       1       sun.misc.URLClassPath$JarLoader::access$700 (5 bytes)
Event: 6.926 Thread 0x00007f7b7b030800 nmethod 390 0x000000010e11ef10 code [0x000000010e11f060, 0x000000010e11f150]
Event: 6.934 Thread 0x00007f7b7b030800  391       3       java.util.concurrent.ConcurrentHashMap::addCount (292 bytes)
Event: 6.937 Thread 0x00007f7b7b030800 nmethod 391 0x000000010e11d990 code [0x000000010e11dba0, 0x000000010e11e768]
Event: 6.942 Thread 0x00007f7b7a051800 nmethod 389 0x000000010e124dd0 code [0x000000010e124f80, 0x000000010e125be8]

GC Heap History (0 events):
No events

Deoptimization events (1 events):
Event: 0.175 Thread 0x00007f7b7b009000 Uncommon trap: reason=unstable_if action=reinterpret pc=0x000000010e03c68c method=java.lang.String.hashCode()I @ 14

Classes redefined (0 events):
No events

Internal exceptions (10 events):
Event: 0.230 Thread 0x00007f7b7b009000 Exception <a 'java/security/PrivilegedActionException'> (0x000000076b0a6480) thrown at [/Users/java_re/workspace/8-2-build-macosx-x86_64/jdk8u202/12323/hotspot/src/share/vm/prims/jvm.cpp, line 1502]
Event: 0.231 Thread 0x00007f7b7b009000 Exception <a 'java/security/PrivilegedActionException'> (0x000000076b0ac788) thrown at [/Users/java_re/workspace/8-2-build-macosx-x86_64/jdk8u202/12323/hotspot/src/share/vm/prims/jvm.cpp, line 1502]
Event: 0.231 Thread 0x00007f7b7b009000 Exception <a 'java/security/PrivilegedActionException'> (0x000000076b0ac998) thrown at [/Users/java_re/workspace/8-2-build-macosx-x86_64/jdk8u202/12323/hotspot/src/share/vm/prims/jvm.cpp, line 1502]
Event: 0.231 Thread 0x00007f7b7b009000 Exception <a 'java/security/PrivilegedActionException'> (0x000000076b0ada90) thrown at [/Users/java_re/workspace/8-2-build-macosx-x86_64/jdk8u202/12323/hotspot/src/share/vm/prims/jvm.cpp, line 1502]
Event: 0.231 Thread 0x00007f7b7b009000 Exception <a 'java/security/PrivilegedActionException'> (0x000000076b0adca0) thrown at [/Users/java_re/workspace/8-2-build-macosx-x86_64/jdk8u202/12323/hotspot/src/share/vm/prims/jvm.cpp, line 1502]
Event: 0.379 Thread 0x00007f7b7b009000 Exception <a 'java/lang/NoSuchFieldError': method resolution failed> (0x000000076b430878) thrown at [/Users/java_re/workspace/8-2-build-macosx-x86_64/jdk8u202/12323/hotspot/src/share/vm/prims/methodHandles.cpp, line 1167]
Event: 0.482 Thread 0x00007f7b7b009000 Exception <a 'java/lang/ClassNotFoundException': com/intellij/rt/debugger/BatchEvaluatorServer> (0x000000076b432390) thrown at [/Users/java_re/workspace/8-2-build-macosx-x86_64/jdk8u202/12323/hotspot/src/share/vm/classfile/systemDictionary.cpp, line 210]
Event: 5.241 Thread 0x00007f7b7b009000 Exception <a 'java/lang/NoSuchFieldError': method resolution failed> (0x000000076b4413d0) thrown at [/Users/java_re/workspace/8-2-build-macosx-x86_64/jdk8u202/12323/hotspot/src/share/vm/prims/methodHandles.cpp, line 1167]
Event: 6.840 Thread 0x00007f7b7b009000 Exception <a 'java/io/FileNotFoundException'> (0x000000076b50f3f8) thrown at [/Users/java_re/workspace/8-2-build-macosx-x86_64/jdk8u202/12323/hotspot/src/share/vm/prims/jni.cpp, line 710]
Event: 6.840 Thread 0x00007f7b7b009000 Exception <a 'java/io/FileNotFoundException'> (0x000000076b50ff80) thrown at [/Users/java_re/workspace/8-2-build-macosx-x86_64/jdk8u202/12323/hotspot/src/share/vm/prims/jni.cpp, line 710]

Events (10 events):
Event: 32.510 loading class sun/awt/AppContext$PostShutdownEventRunnable done
Event: 32.510 Executing VM operation: RevokeBias
Event: 32.511 Executing VM operation: RevokeBias done
Event: 32.511 loading class sun/awt/AWTAutoShutdown$1
Event: 32.511 loading class sun/awt/AWTAutoShutdown$1 done
Event: 32.511 loading class java/lang/reflect/InvocationTargetException
Event: 32.511 loading class java/lang/reflect/InvocationTargetException done
Event: 32.513 Executing VM operation: RevokeBias
Event: 32.513 Executing VM operation: RevokeBias done
Event: 32.513 Thread 0x00007f7b79012800 Thread exited: 0x00007f7b79012800


Dynamic libraries:
0x00007ff81c0e0000 	/System/Library/Frameworks/Cocoa.framework/Versions/A/Cocoa
0x00007ff8079de000 	/System/Library/Frameworks/AppKit.framework/Versions/C/AppKit
0x00007ff80af3d000 	/System/Library/Frameworks/CoreData.framework/Versions/A/CoreData
0x00007ff805df5000 	/System/Library/Frameworks/Foundation.framework/Versions/C/Foundation
0x00007ff810159000 	/usr/lib/libSystem.B.dylib
0x00007ff808870000 	/System/Library/PrivateFrameworks/UIFoundation.framework/Versions/A/UIFoundation
0x00007ff81608c000 	/System/Library/PrivateFrameworks/RemoteViewServices.framework/Versions/A/RemoteViewServices
0x00007ff80e42c000 	/System/Library/PrivateFrameworks/XCTTargetBootstrap.framework/Versions/A/XCTTargetBootstrap
0x00007ff812025000 	/System/Library/PrivateFrameworks/InternationalSupport.framework/Versions/A/InternationalSupport
0x00007ff8120af000 	/System/Library/PrivateFrameworks/UserActivity.framework/Versions/A/UserActivity
0x00007ff81140c000 	/usr/lib/libspindump.dylib
0x00007ff808afe000 	/System/Library/Frameworks/UniformTypeIdentifiers.framework/Versions/A/UniformTypeIdentifiers
0x00007ff80cb65000 	/usr/lib/libapp_launch_measurement.dylib
0x00007ff80b919000 	/System/Library/PrivateFrameworks/CoreAnalytics.framework/Versions/A/CoreAnalytics
0x00007ff80cb68000 	/System/Library/PrivateFrameworks/CoreAutoLayout.framework/Versions/A/CoreAutoLayout
0x00007ff80dd88000 	/System/Library/Frameworks/Metal.framework/Versions/A/Metal
0x00007ff80eaa4000 	/usr/lib/liblangid.dylib
0x00007ff80e430000 	/System/Library/PrivateFrameworks/CoreSVG.framework/Versions/A/CoreSVG
0x00007ff809ec5000 	/System/Library/PrivateFrameworks/SkyLight.framework/Versions/A/SkyLight
0x00007ff80a25b000 	/System/Library/Frameworks/CoreGraphics.framework/Versions/A/CoreGraphics
0x00007ff8166fb000 	/System/Library/Frameworks/Accelerate.framework/Versions/A/Accelerate
0x00007ff810e87000 	/System/Library/PrivateFrameworks/IconServices.framework/Versions/A/IconServices
0x00007ff80dd6d000 	/System/Library/Frameworks/IOSurface.framework/Versions/A/IOSurface
0x00007ff80b947000 	/usr/lib/libDiagnosticMessagesClient.dylib
0x00007ff810073000 	/usr/lib/libz.1.dylib
0x00007ff819d6c000 	/System/Library/Frameworks/ApplicationServices.framework/Versions/A/ApplicationServices
0x00007ff80e418000 	/System/Library/PrivateFrameworks/DFRFoundation.framework/Versions/A/DFRFoundation
0x00007ff8072cf000 	/usr/lib/libicucore.A.dylib
0x00007ff812d4a000 	/System/Library/Frameworks/AudioToolbox.framework/Versions/A/AudioToolbox
0x00007ff812031000 	/System/Library/PrivateFrameworks/DataDetectorsCore.framework/Versions/A/DataDetectorsCore
0x00007ff90d923000 	/System/Library/PrivateFrameworks/TextInput.framework/Versions/A/TextInput
0x00007ff809e49000 	/usr/lib/libMobileGestalt.dylib
0x00007ff80e120000 	/System/Library/Frameworks/Carbon.framework/Versions/A/Frameworks/HIToolbox.framework/Versions/A/HIToolbox
0x00007ff80c592000 	/System/Library/Frameworks/QuartzCore.framework/Versions/A/QuartzCore
0x00007ff806f6f000 	/System/Library/Frameworks/Security.framework/Versions/A/Security
0x00007ff8160c4000 	/System/Library/Frameworks/Carbon.framework/Versions/A/Frameworks/SpeechRecognition.framework/Versions/A/SpeechRecognition
0x00007ff80c8c5000 	/System/Library/PrivateFrameworks/CoreUI.framework/Versions/A/CoreUI
0x00007ff806847000 	/System/Library/Frameworks/CoreAudio.framework/Versions/A/CoreAudio
0x00007ff80ba35000 	/System/Library/Frameworks/DiskArbitration.framework/Versions/A/DiskArbitration
0x00007ff8117ef000 	/System/Library/PrivateFrameworks/MultitouchSupport.framework/Versions/A/MultitouchSupport
0x00007ff809e48000 	/usr/lib/libenergytrace.dylib
0x00007ff8078ca000 	/System/Library/Frameworks/IOKit.framework/Versions/A/IOKit
0x00007ff8164b0000 	/System/Library/Frameworks/CoreServices.framework/Versions/A/CoreServices
0x00007ff80caff000 	/System/Library/PrivateFrameworks/PerformanceAnalysis.framework/Versions/A/PerformanceAnalysis
0x00007ffa1d40a000 	/System/Library/Frameworks/OpenGL.framework/Versions/A/OpenGL
0x00007ff80f6a0000 	/System/Library/PrivateFrameworks/MobileKeyBag.framework/Versions/A/MobileKeyBag
0x00007ff804e8d000 	/usr/lib/libobjc.A.dylib
0x00007ff80a98a000 	/System/Library/Frameworks/ColorSync.framework/Versions/A/ColorSync
0x00007ff805049000 	/System/Library/Frameworks/CoreFoundation.framework/Versions/A/CoreFoundation
0x00007ff80e6ab000 	/System/Library/Frameworks/CoreImage.framework/Versions/A/CoreImage
0x00007ff80665d000 	/System/Library/Frameworks/CoreText.framework/Versions/A/CoreText
0x00007ff80e45f000 	/System/Library/Frameworks/ImageIO.framework/Versions/A/ImageIO
0x00007ff81015f000 	/System/Library/PrivateFrameworks/SoftLinking.framework/Versions/A/SoftLinking
0x00007ff80cbb0000 	/usr/lib/libxml2.2.dylib
0x00007ff804f56000 	/usr/lib/libc++.1.dylib
0x00007ff8103e0000 	/usr/lib/libcompression.dylib
0x00007ff811f5b000 	/System/Library/PrivateFrameworks/TextureIO.framework/Versions/A/TextureIO
0x00007ff810b00000 	/usr/lib/libate.dylib
0x00007ff810154000 	/usr/lib/system/libcache.dylib
0x00007ff810110000 	/usr/lib/system/libcommonCrypto.dylib
0x00007ff810139000 	/usr/lib/system/libcompiler_rt.dylib
0x00007ff81012f000 	/usr/lib/system/libcopyfile.dylib
0x00007ff804d87000 	/usr/lib/system/libcorecrypto.dylib
0x00007ff804e46000 	/usr/lib/system/libdispatch.dylib
0x00007ff805008000 	/usr/lib/system/libdyld.dylib
0x00007ff81014b000 	/usr/lib/system/libkeymgr.dylib
0x00007ff8100ee000 	/usr/lib/system/libmacho.dylib
0x00007ff80f774000 	/usr/lib/system/libquarantine.dylib
0x00007ff810149000 	/usr/lib/system/libremovefile.dylib
0x00007ff809e95000 	/usr/lib/system/libsystem_asl.dylib
0x00007ff804d35000 	/usr/lib/system/libsystem_blocks.dylib
0x00007ff804ecd000 	/usr/lib/system/libsystem_c.dylib
0x00007ff810141000 	/usr/lib/system/libsystem_collections.dylib
0x00007ff80ea95000 	/usr/lib/system/libsystem_configuration.dylib
0x00007ff80dd50000 	/usr/lib/system/libsystem_containermanager.dylib
0x00007ff80fe25000 	/usr/lib/system/libsystem_coreservices.dylib
0x00007ff807558000 	/usr/lib/system/libsystem_darwin.dylib
0x00007ff81014c000 	/usr/lib/system/libsystem_dnssd.dylib
0x00007ff804eca000 	/usr/lib/system/libsystem_featureflags.dylib
0x00007ff80501e000 	/usr/lib/system/libsystem_info.dylib
0x00007ff810086000 	/usr/lib/system/libsystem_m.dylib
0x00007ff804e1a000 	/usr/lib/system/libsystem_malloc.dylib
0x00007ff809e32000 	/usr/lib/system/libsystem_networkextension.dylib
0x00007ff807980000 	/usr/lib/system/libsystem_notify.dylib
0x00007ff816385000 	/usr/lib/system/libsystem_product_info_filter.dylib
0x00007ff80ea99000 	/usr/lib/system/libsystem_sandbox.dylib
0x00007ff810146000 	/usr/lib/system/libsystem_secinit.dylib
0x00007ff804fc5000 	/usr/lib/system/libsystem_kernel.dylib
0x00007ff805014000 	/usr/lib/system/libsystem_platform.dylib
0x00007ff804ffc000 	/usr/lib/system/libsystem_pthread.dylib
0x00007ff80b760000 	/usr/lib/system/libsystem_symptoms.dylib
0x00007ff804d6e000 	/usr/lib/system/libsystem_trace.dylib
0x00007ff81011c000 	/usr/lib/system/libunwind.dylib
0x00007ff804d37000 	/usr/lib/system/libxpc.dylib
0x00007ff804faf000 	/usr/lib/libc++abi.dylib
0x00007ff810127000 	/usr/lib/liboah.dylib
0x00007ff8108b9000 	/usr/lib/liblzma.5.dylib
0x00007ff805b06000 	/System/Library/Frameworks/SystemConfiguration.framework/Versions/A/SystemConfiguration
0x00007ff81015b000 	/usr/lib/libfakelink.dylib
0x00007ff80999b000 	/System/Library/Frameworks/CFNetwork.framework/Versions/A/CFNetwork
0x00007ff81029a000 	/usr/lib/libarchive.2.dylib
0x00007ff80eaa0000 	/System/Library/PrivateFrameworks/AppleSystemInfo.framework/Versions/A/AppleSystemInfo
0x00007ff80f79b000 	/usr/lib/libbsm.0.dylib
0x00007ff808fd1000 	/usr/lib/libnetwork.dylib
0x00007ff8100f4000 	/usr/lib/system/libkxld.dylib
0x00007ff80f3c9000 	/System/Library/PrivateFrameworks/IOMobileFramebuffer.framework/Versions/A/IOMobileFramebuffer
0x00007ffb1b076000 	/usr/lib/libCoreEntitlements.dylib
0x00007ff80fe07000 	/System/Library/PrivateFrameworks/AppleFSCompression.framework/Versions/A/AppleFSCompression
0x00007ff80f783000 	/usr/lib/libcoretls.dylib
0x00007ff8108d3000 	/usr/lib/libcoretls_cfhelpers.dylib
0x00007ff8103db000 	/usr/lib/libpam.2.dylib
0x00007ff80b386000 	/usr/lib/libsqlite3.dylib
0x00007ff810942000 	/usr/lib/libxar.1.dylib
0x00007ff80fe17000 	/usr/lib/libbz2.1.0.dylib
0x00007ff810160000 	/usr/lib/libpcap.A.dylib
0x00007ff80b757000 	/usr/lib/libdns_services.dylib
0x00007ff8103ad000 	/usr/lib/libapple_nghttp2.dylib
0x00007ff810197000 	/usr/lib/libiconv.2.dylib
0x00007ff8100ed000 	/usr/lib/libcharset.1.dylib
0x00007ff80cb33000 	/System/Library/Frameworks/CoreServices.framework/Versions/A/Frameworks/FSEvents.framework/Versions/A/FSEvents
0x00007ff807562000 	/System/Library/Frameworks/CoreServices.framework/Versions/A/Frameworks/CarbonCore.framework/Versions/A/CarbonCore
0x00007ff80b99a000 	/System/Library/Frameworks/CoreServices.framework/Versions/A/Frameworks/Metadata.framework/Versions/A/Metadata
0x00007ff80fe2a000 	/System/Library/Frameworks/CoreServices.framework/Versions/A/Frameworks/OSServices.framework/Versions/A/OSServices
0x00007ff810321000 	/System/Library/Frameworks/CoreServices.framework/Versions/A/Frameworks/SearchKit.framework/Versions/A/SearchKit
0x00007ff80b6e9000 	/System/Library/Frameworks/CoreServices.framework/Versions/A/Frameworks/AE.framework/Versions/A/AE
0x00007ff80554a000 	/System/Library/Frameworks/CoreServices.framework/Versions/A/Frameworks/LaunchServices.framework/Versions/A/LaunchServices
0x00007ff81086a000 	/System/Library/Frameworks/CoreServices.framework/Versions/A/Frameworks/DictionaryServices.framework/Versions/A/DictionaryServices
0x00007ff80cb40000 	/System/Library/Frameworks/CoreServices.framework/Versions/A/Frameworks/SharedFileList.framework/Versions/A/SharedFileList
0x00007ff80f777000 	/usr/lib/libCheckFix.dylib
0x00007ff809eac000 	/System/Library/PrivateFrameworks/TCC.framework/Versions/A/TCC
0x00007ff80eaa6000 	/System/Library/PrivateFrameworks/CoreNLP.framework/Versions/A/CoreNLP
0x00007ff80b94a000 	/System/Library/PrivateFrameworks/MetadataUtilities.framework/Versions/A/MetadataUtilities
0x00007ff805bb6000 	/usr/lib/libmecabra.dylib
0x00007ff80f7ab000 	/usr/lib/libmecab.dylib
0x00007ff805b81000 	/usr/lib/libCRFSuite.dylib
0x00007ff80f808000 	/usr/lib/libgermantok.dylib
0x00007ff810388000 	/usr/lib/libThaiTokenizer.dylib
0x00007ff80ba3c000 	/System/Library/Frameworks/Accelerate.framework/Versions/A/Frameworks/vImage.framework/Versions/A/vImage
0x00007ff816487000 	/System/Library/Frameworks/Accelerate.framework/Versions/A/Frameworks/vecLib.framework/Versions/A/vecLib
0x00007ff810983000 	/System/Library/Frameworks/Accelerate.framework/Versions/A/Frameworks/vecLib.framework/Versions/A/libvMisc.dylib
0x00007ff80f1bd000 	/System/Library/Frameworks/Accelerate.framework/Versions/A/Frameworks/vecLib.framework/Versions/A/libvDSP.dylib
0x00007ff8058c2000 	/System/Library/Frameworks/Accelerate.framework/Versions/A/Frameworks/vecLib.framework/Versions/A/libBLAS.dylib
0x00007ff8104bd000 	/System/Library/Frameworks/Accelerate.framework/Versions/A/Frameworks/vecLib.framework/Versions/A/libLAPACK.dylib
0x00007ff80f80b000 	/System/Library/Frameworks/Accelerate.framework/Versions/A/Frameworks/vecLib.framework/Versions/A/libLinearAlgebra.dylib
0x00007ff8103c6000 	/System/Library/Frameworks/Accelerate.framework/Versions/A/Frameworks/vecLib.framework/Versions/A/libSparseBLAS.dylib
0x00007ff8104b7000 	/System/Library/Frameworks/Accelerate.framework/Versions/A/Frameworks/vecLib.framework/Versions/A/libQuadrature.dylib
0x00007ff80eb90000 	/System/Library/Frameworks/Accelerate.framework/Versions/A/Frameworks/vecLib.framework/Versions/A/libBNNS.dylib
0x00007ff805a97000 	/System/Library/Frameworks/Accelerate.framework/Versions/A/Frameworks/vecLib.framework/Versions/A/libSparse.dylib
0x00007ff80eb89000 	/System/Library/PrivateFrameworks/LinguisticData.framework/Versions/A/LinguisticData
0x00007ff805a4c000 	/System/Library/PrivateFrameworks/Lexicon.framework/Versions/A/Lexicon
0x00007ff81097c000 	/usr/lib/libChineseTokenizer.dylib
0x00007ff8061b0000 	/System/Library/PrivateFrameworks/LanguageModeling.framework/Versions/A/LanguageModeling
0x00007ff81038a000 	/System/Library/PrivateFrameworks/AppleSauce.framework/Versions/A/AppleSauce
0x00007ff80f3b7000 	/System/Library/PrivateFrameworks/CoreEmoji.framework/Versions/A/CoreEmoji
0x00007ff810289000 	/usr/lib/libcmph.dylib
0x00007ff80cb17000 	/System/Library/Frameworks/OpenDirectory.framework/Versions/A/Frameworks/CFOpenDirectory.framework/Versions/A/CFOpenDirectory
0x00007ff80cb0b000 	/System/Library/Frameworks/OpenDirectory.framework/Versions/A/OpenDirectory
0x00007ff8108d5000 	/System/Library/PrivateFrameworks/APFS.framework/Versions/A/APFS
0x00007ff80f6d8000 	/System/Library/Frameworks/SecurityFoundation.framework/Versions/A/SecurityFoundation
0x00007ff810950000 	/usr/lib/libutil.dylib
0x00007ff80788d000 	/System/Library/PrivateFrameworks/CoreServicesStore.framework/Versions/A/CoreServicesStore
0x00007ff810954000 	/usr/lib/libxslt.1.dylib
0x00007ff80f765000 	/System/Library/PrivateFrameworks/BackgroundTaskManagement.framework/Versions/A/BackgroundTaskManagement
0x00007ff811e7d000 	/System/Library/Frameworks/ImageIO.framework/Versions/A/Resources/libRadiance.dylib
0x00007ff811e86000 	/System/Library/Frameworks/ImageIO.framework/Versions/A/Resources/libJPEG.dylib
0x00007ff811dd7000 	/System/Library/Frameworks/ImageIO.framework/Versions/A/Resources/libPng.dylib
0x00007ff811df8000 	/System/Library/Frameworks/ImageIO.framework/Versions/A/Resources/libTIFF.dylib
0x00007ff811ee4000 	/System/Library/Frameworks/ImageIO.framework/Versions/A/Resources/libGIF.dylib
0x00007ff81170c000 	/System/Library/Frameworks/ImageIO.framework/Versions/A/Resources/libJP2.dylib
0x00007ff810e4e000 	/usr/lib/libexpat.1.dylib
0x00007ff8116c1000 	/System/Library/PrivateFrameworks/AppleJPEG.framework/Versions/A/AppleJPEG
0x00007ff80dfe3000 	/System/Library/PrivateFrameworks/FontServices.framework/libFontParser.dylib
0x00007ff80b693000 	/System/Library/PrivateFrameworks/RunningBoardServices.framework/Versions/A/RunningBoardServices
0x00007ff81c65c000 	/System/Library/PrivateFrameworks/IOSurfaceAccelerator.framework/Versions/A/IOSurfaceAccelerator
0x00007ff8117eb000 	/System/Library/PrivateFrameworks/WatchdogClient.framework/Versions/A/WatchdogClient
0x00007ff80629f000 	/System/Library/Frameworks/CoreDisplay.framework/Versions/A/CoreDisplay
0x00007ff80dee2000 	/System/Library/Frameworks/CoreMedia.framework/Versions/A/CoreMedia
0x00007ff80dd7f000 	/System/Library/PrivateFrameworks/IOAccelerator.framework/Versions/A/IOAccelerator
0x00007ff80cc93000 	/System/Library/Frameworks/CoreVideo.framework/Versions/A/CoreVideo
0x00007ff8103d9000 	/System/Library/Frameworks/MetalPerformanceShaders.framework/Versions/A/MetalPerformanceShaders
0x00007ff811826000 	/System/Library/Frameworks/VideoToolbox.framework/Versions/A/VideoToolbox
0x00007ff80b5db000 	/System/Library/PrivateFrameworks/BaseBoard.framework/Versions/A/BaseBoard
0x00007ff80b36c000 	/System/Library/PrivateFrameworks/ProtocolBuffer.framework/Versions/A/ProtocolBuffer
0x00007ff811e76000 	/System/Library/PrivateFrameworks/GPUWrangler.framework/Versions/A/GPUWrangler
0x00007ff811e59000 	/System/Library/PrivateFrameworks/IOPresentment.framework/Versions/A/IOPresentment
0x00007ff811e80000 	/System/Library/PrivateFrameworks/DSExternalDisplay.framework/Versions/A/DSExternalDisplay
0x00007ffa1d3fe000 	/System/Library/Frameworks/OpenGL.framework/Versions/A/Libraries/libCoreFSCache.dylib
0x00007ffb092e6000 	/System/Library/PrivateFrameworks/GPUCompiler.framework/Versions/31001/Libraries/libGPUCompilerUtils.dylib
0x00007ff811ee9000 	/System/Library/PrivateFrameworks/CMCaptureCore.framework/Versions/A/CMCaptureCore
0x00007ff8113fa000 	/System/Library/PrivateFrameworks/AppServerSupport.framework/Versions/A/AppServerSupport
0x00007ff8135d0000 	/System/Library/PrivateFrameworks/perfdata.framework/Versions/A/perfdata
0x00007ff8063cb000 	/System/Library/PrivateFrameworks/AudioToolboxCore.framework/Versions/A/AudioToolboxCore
0x00007ff80debf000 	/System/Library/PrivateFrameworks/caulk.framework/Versions/A/caulk
0x00007ff812ef4000 	/usr/lib/libAudioStatistics.dylib
0x00007ff90a1b1000 	/System/Library/PrivateFrameworks/SystemPolicy.framework/Versions/A/SystemPolicy
0x00007ff813149000 	/usr/lib/libSMC.dylib
0x00007ff81bf93000 	/System/Library/Frameworks/CoreMIDI.framework/Versions/A/CoreMIDI
0x00007ff811da7000 	/usr/lib/libAudioToolboxUtility.dylib
0x00007ff9065c3000 	/System/Library/PrivateFrameworks/OSAServicesClient.framework/Versions/A/OSAServicesClient
0x00007ff8135dd000 	/usr/lib/libperfcheck.dylib
0x00007ff90ac43000 	/usr/lib/libmis.dylib
0x00007ffa1d45a000 	/System/Library/Frameworks/OpenGL.framework/Versions/A/Libraries/libGLU.dylib
0x00007ffa1d41d000 	/System/Library/Frameworks/OpenGL.framework/Versions/A/Libraries/libGFXShared.dylib
0x00007ffa1d62b000 	/System/Library/Frameworks/OpenGL.framework/Versions/A/Libraries/libGL.dylib
0x00007ffa1d426000 	/System/Library/Frameworks/OpenGL.framework/Versions/A/Libraries/libGLImage.dylib
0x00007ffa1d41a000 	/System/Library/Frameworks/OpenGL.framework/Versions/A/Libraries/libCVMSPluginSupport.dylib
0x00007ffa1d405000 	/System/Library/Frameworks/OpenGL.framework/Versions/A/Libraries/libCoreVMClient.dylib
0x00007ff80ea24000 	/System/Library/Frameworks/MetalPerformanceShaders.framework/Versions/A/Frameworks/MPSCore.framework/Versions/A/MPSCore
0x00007ff80fd72000 	/System/Library/Frameworks/MetalPerformanceShaders.framework/Versions/A/Frameworks/MPSImage.framework/Versions/A/MPSImage
0x00007ff80f821000 	/System/Library/Frameworks/MetalPerformanceShaders.framework/Versions/A/Frameworks/MPSNeuralNetwork.framework/Versions/A/MPSNeuralNetwork
0x00007ff80fc96000 	/System/Library/Frameworks/MetalPerformanceShaders.framework/Versions/A/Frameworks/MPSMatrix.framework/Versions/A/MPSMatrix
0x00007ff80fa52000 	/System/Library/Frameworks/MetalPerformanceShaders.framework/Versions/A/Frameworks/MPSRayIntersector.framework/Versions/A/MPSRayIntersector
0x00007ff80fccf000 	/System/Library/Frameworks/MetalPerformanceShaders.framework/Versions/A/Frameworks/MPSNDArray.framework/Versions/A/MPSNDArray
0x00007ffa2201f000 	/System/Library/Frameworks/MetalPerformanceShaders.framework/Versions/A/Frameworks/MPSFunctions.framework/Versions/A/MPSFunctions
0x00007ff8057a5000 	/System/Library/PrivateFrameworks/MetalTools.framework/Versions/A/MetalTools
0x00007ff80ea9e000 	/System/Library/PrivateFrameworks/AggregateDictionary.framework/Versions/A/AggregateDictionary
0x00007ff810c30000 	/usr/lib/libIOReport.dylib
0x00007ffa1ea3a000 	/System/Library/Frameworks/OpenCL.framework/Versions/A/OpenCL
0x00007ff810f94000 	/System/Library/PrivateFrameworks/FaceCore.framework/Versions/A/FaceCore
0x00007ff810f85000 	/System/Library/PrivateFrameworks/GraphVisualizer.framework/Versions/A/GraphVisualizer
0x00007ffb091f1000 	/System/Library/PrivateFrameworks/FontServices.framework/Versions/A/FontServices
0x00007ff8113b1000 	/System/Library/PrivateFrameworks/OTSVG.framework/Versions/A/OTSVG
0x00007ff80c87b000 	/System/Library/Frameworks/ApplicationServices.framework/Versions/A/Frameworks/ATS.framework/Versions/A/Resources/libFontRegistry.dylib
0x00007ff811402000 	/System/Library/PrivateFrameworks/FontServices.framework/libhvf.dylib
0x00007ffb091f2000 	/System/Library/PrivateFrameworks/FontServices.framework/libXTFontStaticRegistryData.dylib
0x00007ff810dfe000 	/System/Library/PrivateFrameworks/AppleVA.framework/Versions/A/AppleVA
0x00007ff812f18000 	/System/Library/Frameworks/ApplicationServices.framework/Versions/A/Frameworks/ATS.framework/Versions/A/ATS
0x00007ff80aa86000 	/System/Library/Frameworks/ApplicationServices.framework/Versions/A/Frameworks/HIServices.framework/Versions/A/HIServices
0x00007ff811ef3000 	/System/Library/Frameworks/ApplicationServices.framework/Versions/A/Frameworks/PrintCore.framework/Versions/A/PrintCore
0x00007ff81329c000 	/System/Library/Frameworks/ApplicationServices.framework/Versions/A/Frameworks/QD.framework/Versions/A/QD
0x00007ff813294000 	/System/Library/Frameworks/ApplicationServices.framework/Versions/A/Frameworks/ColorSyncLegacy.framework/Versions/A/ColorSyncLegacy
0x00007ff812f08000 	/System/Library/Frameworks/ApplicationServices.framework/Versions/A/Frameworks/SpeechSynthesis.framework/Versions/A/SpeechSynthesis
0x00007ff811eb4000 	/System/Library/Frameworks/ApplicationServices.framework/Versions/A/Frameworks/ATSUI.framework/Versions/A/ATSUI
0x00007ff813229000 	/usr/lib/libcups.2.dylib
0x00007ff8135ec000 	/System/Library/Frameworks/Kerberos.framework/Versions/A/Kerberos
0x00007ff8135fb000 	/System/Library/Frameworks/GSS.framework/Versions/A/GSS
0x00007ff812f84000 	/usr/lib/libresolv.9.dylib
0x00007ff811411000 	/System/Library/PrivateFrameworks/Heimdal.framework/Versions/A/Heimdal
0x00007ff81a0e9000 	/System/Library/Frameworks/Kerberos.framework/Versions/A/Libraries/libHeimdalProxy.dylib
0x00007ff80b768000 	/System/Library/Frameworks/Network.framework/Versions/A/Network
0x00007ff810e68000 	/usr/lib/libheimdal-asn1.dylib
0x00007ff813647000 	/System/Library/PrivateFrameworks/CommonAuth.framework/Versions/A/CommonAuth
0x00007ff812e85000 	/System/Library/PrivateFrameworks/AudioSession.framework/Versions/A/AudioSession
0x00007ff810ef8000 	/System/Library/PrivateFrameworks/MediaExperience.framework/Versions/A/MediaExperience
0x00007ff812d19000 	/System/Library/PrivateFrameworks/AudioSession.framework/libSessionUtility.dylib
0x00007ff8132a8000 	/System/Library/PrivateFrameworks/AudioResourceArbitration.framework/Versions/A/AudioResourceArbitration
0x00007ff81729a000 	/System/Library/PrivateFrameworks/PowerLog.framework/Versions/A/PowerLog
0x00007ff810e71000 	/System/Library/PrivateFrameworks/IconFoundation.framework/Versions/A/IconFoundation
0x00007ff8160b4000 	/System/Library/PrivateFrameworks/SpeechRecognitionCore.framework/Versions/A/SpeechRecognitionCore
0x00007ffa0e8c4000 	/System/Library/CoreServices/Encodings/libSimplifiedChineseConverter.dylib
0x000000010c06f000 	/Library/Java/JavaVirtualMachines/jdk1.8.0_202.jdk/Contents/Home/jre/lib/server/libjvm.dylib
0x00007ffb1bb10000 	/usr/lib/libstdc++.6.dylib
0x000000010b103000 	/Library/Java/JavaVirtualMachines/jdk1.8.0_202.jdk/Contents/Home/jre/lib/libverify.dylib
0x000000010b158000 	/Library/Java/JavaVirtualMachines/jdk1.8.0_202.jdk/Contents/Home/jre/lib/libjava.dylib
0x000000010b218000 	/Library/Java/JavaVirtualMachines/jdk1.8.0_202.jdk/Contents/Home/jre/lib/libjdwp.dylib
0x000000010b122000 	/Library/Java/JavaVirtualMachines/jdk1.8.0_202.jdk/Contents/Home/jre/lib/libnpt.dylib
0x000000010b2bc000 	/Library/Java/JavaVirtualMachines/jdk1.8.0_202.jdk/Contents/Home/jre/lib/libinstrument.dylib
0x000000010b140000 	/Library/Java/JavaVirtualMachines/jdk1.8.0_202.jdk/Contents/Home/jre/lib/libzip.dylib
0x000000010c030000 	/Library/Java/JavaVirtualMachines/jdk1.8.0_202.jdk/Contents/Home/jre/lib/libdt_socket.dylib
0x00000001289bb000 	/Library/Java/JavaVirtualMachines/jdk1.8.0_202.jdk/Contents/Home/jre/lib/libawt.dylib
0x0000000128bda000 	/Library/Java/JavaVirtualMachines/jdk1.8.0_202.jdk/Contents/Home/jre/lib/libmlib_image.dylib
0x00007ffa21f81000 	/System/Library/Frameworks/JavaNativeFoundation.framework/Versions/A/JavaNativeFoundation
0x00007ffa21f8d000 	/System/Library/Frameworks/JavaRuntimeSupport.framework/Versions/A/JavaRuntimeSupport
0x00007ff909cfa000 	/System/Library/Frameworks/Carbon.framework/Versions/A/Carbon
0x00007ff818515000 	/System/Library/PrivateFrameworks/CoreSymbolication.framework/Versions/A/CoreSymbolication
0x00007ff81d9af000 	/System/Library/Frameworks/Carbon.framework/Versions/A/Frameworks/CommonPanels.framework/Versions/A/CommonPanels
0x00007ff819aee000 	/System/Library/Frameworks/Carbon.framework/Versions/A/Frameworks/Help.framework/Versions/A/Help
0x00007ff81d9b3000 	/System/Library/Frameworks/Carbon.framework/Versions/A/Frameworks/ImageCapture.framework/Versions/A/ImageCapture
0x00007ff81d983000 	/System/Library/Frameworks/Carbon.framework/Versions/A/Frameworks/OpenScripting.framework/Versions/A/OpenScripting
0x00007ff81d9ab000 	/System/Library/Frameworks/Carbon.framework/Versions/A/Frameworks/Ink.framework/Versions/A/Ink
0x00007ff909cf6000 	/System/Library/Frameworks/Carbon.framework/Versions/A/Frameworks/Print.framework/Versions/A/Print
0x00007ff81d9a7000 	/System/Library/Frameworks/Carbon.framework/Versions/A/Frameworks/SecurityHI.framework/Versions/A/SecurityHI
0x00007ff8184da000 	/System/Library/PrivateFrameworks/DebugSymbols.framework/Versions/A/DebugSymbols
0x0000000128d62000 	/Library/Java/JavaVirtualMachines/jdk1.8.0_202.jdk/Contents/Home/jre/lib/libawt_lwawt.dylib
0x0000000128952000 	/Library/Java/JavaVirtualMachines/jdk1.8.0_202.jdk/Contents/Home/jre/lib/libosxapp.dylib
0x00007ff909133000 	/System/Library/Frameworks/ExceptionHandling.framework/Versions/A/ExceptionHandling
0x00007ff80784e000 	/System/Library/PrivateFrameworks/CoreServicesInternal.framework/Versions/A/CoreServicesInternal
0x00007ff81788b000 	/System/Library/Frameworks/FileProvider.framework/Versions/A/FileProvider
0x00007ff80b547000 	/System/Library/Frameworks/Accounts.framework/Versions/A/Accounts
0x00007ff817a03000 	/System/Library/PrivateFrameworks/GenerationalStorage.framework/Versions/A/GenerationalStorage
0x00007ff81728f000 	/System/Library/PrivateFrameworks/SymptomDiagnosticReporter.framework/Versions/A/SymptomDiagnosticReporter
0x00007ff808b12000 	/System/Library/PrivateFrameworks/DesktopServicesPriv.framework/Versions/A/DesktopServicesPriv
0x00007ff80798f000 	/usr/lib/libsandbox.1.dylib
0x00007ff80cd12000 	/System/Library/PrivateFrameworks/UserManagement.framework/Versions/A/UserManagement
0x00007ff813289000 	/System/Library/PrivateFrameworks/NetAuth.framework/Versions/A/NetAuth
0x00007ff814178000 	/System/Library/PrivateFrameworks/Sharing.framework/Versions/A/Sharing
0x00007ff80cce5000 	/System/Library/PrivateFrameworks/login.framework/Versions/A/Frameworks/loginsupport.framework/Versions/A/loginsupport
0x00007ff81961b000 	/System/Library/PrivateFrameworks/Apple80211.framework/Versions/A/Apple80211
0x00007ff80fe57000 	/System/Library/PrivateFrameworks/AuthKit.framework/Versions/A/AuthKit
0x00007ff80f4ad000 	/System/Library/PrivateFrameworks/CoreUtils.framework/Versions/A/CoreUtils
0x00007ff80f3d4000 	/System/Library/Frameworks/CoreWLAN.framework/Versions/A/CoreWLAN
0x00007ff8142d3000 	/System/Library/Frameworks/IOBluetooth.framework/Versions/A/IOBluetooth
0x00007ff819683000 	/System/Library/PrivateFrameworks/CoreWiFi.framework/Versions/A/CoreWiFi
0x00007ff8180af000 	/System/Library/PrivateFrameworks/FrontBoardServices.framework/Versions/A/FrontBoardServices
0x00007ff818141000 	/System/Library/PrivateFrameworks/BoardServices.framework/Versions/A/BoardServices
0x00007ff80f6c7000 	/System/Library/PrivateFrameworks/AssertionServices.framework/Versions/A/AssertionServices
0x00007ff819807000 	/System/Library/PrivateFrameworks/BackBoardServices.framework/Versions/A/BackBoardServices
0x00007ff8136d6000 	/System/Library/PrivateFrameworks/CorePhoneNumbers.framework/Versions/A/CorePhoneNumbers
0x00007ff8173ac000 	/System/Library/PrivateFrameworks/DiskManagement.framework/Versions/A/DiskManagement
0x00007ff8172c0000 	/System/Library/PrivateFrameworks/AppleIDAuthSupport.framework/Versions/A/AppleIDAuthSupport
0x00007ffa23fd8000 	/System/Library/PrivateFrameworks/AAAFoundation.framework/Versions/A/AAAFoundation
0x00007ff8136b7000 	/System/Library/PrivateFrameworks/KeychainCircle.framework/Versions/A/KeychainCircle
0x00007ff817378000 	/System/Library/PrivateFrameworks/MediaKit.framework/Versions/A/MediaKit
0x00007ff8172cc000 	/System/Library/Frameworks/DiscRecording.framework/Versions/A/DiscRecording
0x00007ff810d76000 	/usr/lib/libCoreStorage.dylib
0x00007ff819af6000 	/usr/lib/libcsfde.dylib
0x00007ff8143a0000 	/System/Library/PrivateFrameworks/ProtectedCloudStorage.framework/Versions/A/ProtectedCloudStorage
0x00007ff819af2000 	/System/Library/PrivateFrameworks/EFILogin.framework/Versions/A/EFILogin
0x00007ff817a29000 	/System/Library/PrivateFrameworks/OctagonTrust.framework/Versions/A/OctagonTrust
0x00007ffb08513000 	/System/Library/PrivateFrameworks/CoreUtilsExtras.framework/Versions/A/CoreUtilsExtras
0x00007ff817202000 	/System/Library/Frameworks/CoreBluetooth.framework/Versions/A/CoreBluetooth
0x00007ff81a16e000 	/System/Library/Frameworks/AudioUnit.framework/Versions/A/AudioUnit
0x00007ff810d6e000 	/usr/lib/libMatch.1.dylib
0x00007ff9117f9000 	/System/Library/CoreServices/RawCamera.bundle/Contents/MacOS/RawCamera
0x00007ff813657000 	/System/Library/PrivateFrameworks/MobileAsset.framework/Versions/A/MobileAsset
0x00007ff81a195000 	/System/Library/PrivateFrameworks/StreamingZip.framework/Versions/A/StreamingZip
0x00007ffb05958000 	/System/Library/PrivateFrameworks/CMPhoto.framework/Versions/A/CMPhoto
0x00007ff8183b0000 	/System/Library/PrivateFrameworks/AppleVPA.framework/Versions/A/AppleVPA
0x00007ff81211b000 	/System/Library/Frameworks/MediaToolbox.framework/Versions/A/MediaToolbox
0x00007ff81785b000 	/System/Library/PrivateFrameworks/CoreAVCHD.framework/Versions/A/CoreAVCHD
0x00007ff816743000 	/System/Library/Frameworks/MediaAccessibility.framework/Versions/A/MediaAccessibility
0x00007ff817857000 	/System/Library/PrivateFrameworks/Mangrove.framework/Versions/A/Mangrove
0x00007ff81674e000 	/System/Library/PrivateFrameworks/AlgosScoreFramework.framework/Versions/A/AlgosScoreFramework
0x00007ff81749c000 	/System/Library/PrivateFrameworks/CoreAUC.framework/Versions/A/CoreAUC
0x00007ff90f0a7000 	/System/Library/Frameworks/Accelerate.framework/Versions/A/Frameworks/vImage.framework/Versions/A/Libraries/libCGInterfaces.dylib
0x000000012af58000 	/usr/lib/libobjc-trampolines.dylib
0x00007ff81c664000 	/System/Library/PrivateFrameworks/FamilyControls.framework/Versions/A/FamilyControls
0x00007ff81c688000 	/System/Library/PrivateFrameworks/CommerceKit.framework/Versions/A/Frameworks/CommerceCore.framework/Versions/A/CommerceCore
0x00007ff81677f000 	/System/Library/PrivateFrameworks/SystemAdministration.framework/Versions/A/SystemAdministration
0x00007ff814387000 	/System/Library/PrivateFrameworks/AppContainer.framework/Versions/A/AppContainer
0x00007ff81439c000 	/System/Library/PrivateFrameworks/SecCodeWrapper.framework/Versions/A/SecCodeWrapper
0x00007ff810c38000 	/System/Library/PrivateFrameworks/CrashReporterSupport.framework/Versions/A/CrashReporterSupport
0x00007ff916a19000 	/System/Library/PrivateFrameworks/OSAnalytics.framework/Versions/A/OSAnalytics
0x00007ff9219b3000 	/System/Library/PrivateFrameworks/Symbolication.framework/Versions/A/Symbolication
0x00007ff90ac20000 	/System/Library/PrivateFrameworks/MallocStackLogging.framework/Versions/A/MallocStackLogging
0x00007ff8114cb000 	/System/Library/PrivateFrameworks/login.framework/Versions/A/login
0x00007ff816080000 	/System/Library/Frameworks/DirectoryService.framework/Versions/A/DirectoryService
0x00007ff819994000 	/System/Library/PrivateFrameworks/DiskImages.framework/Versions/A/DiskImages
0x00007ff80f76f000 	/System/Library/Frameworks/ServiceManagement.framework/Versions/A/ServiceManagement
0x00007ff819b6e000 	/System/Library/PrivateFrameworks/LoginUIKit.framework/Versions/A/Frameworks/LoginUICore.framework/Versions/A/LoginUICore
0x00007ff811679000 	/usr/lib/libodfde.dylib
0x00007ff819b02000 	/usr/lib/libcurl.4.dylib
0x00007ff81985f000 	/usr/lib/libcrypto.44.dylib
0x00007ff819967000 	/usr/lib/libssl.46.dylib
0x00007ff819825000 	/System/Library/Frameworks/LDAP.framework/Versions/A/LDAP
0x00007ff81985d000 	/System/Library/PrivateFrameworks/TrustEvaluationAgent.framework/Versions/A/TrustEvaluationAgent
0x00007ff812f9d000 	/usr/lib/libsasl2.2.dylib
0x00007ff816773000 	/System/Library/PrivateFrameworks/CoreDaemon.framework/Versions/B/CoreDaemon
0x00007ff81676e000 	/System/Library/PrivateFrameworks/AppleSRP.framework/Versions/A/AppleSRP
0x00007ff80ca0b000 	/System/Library/PrivateFrameworks/ViewBridge.framework/Versions/A/ViewBridge
0x000000012c79d000 	/Library/Java/JavaVirtualMachines/jdk1.8.0_202.jdk/Contents/Home/jre/lib/libfontmanager.dylib
0x000000012c760000 	/System/Library/Frameworks/FileProvider.framework/OverrideBundles/CloudDocsFileProvider.bundle/Contents/MacOS/CloudDocsFileProvider
0x00007ff80cf0d000 	/System/Library/PrivateFrameworks/CloudDocs.framework/Versions/A/CloudDocs
0x00007ff819e14000 	/System/Library/PrivateFrameworks/AppleAccount.framework/Versions/A/AppleAccount
0x00007ff813e49000 	/System/Library/PrivateFrameworks/IDS.framework/Versions/A/IDS
0x00007ff819f6b000 	/System/Library/PrivateFrameworks/AppleIDSSOAuthentication.framework/Versions/A/AppleIDSSOAuthentication
0x00007ff80cce8000 	/System/Library/PrivateFrameworks/ApplePushService.framework/Versions/A/ApplePushService
0x00007ff819b76000 	/System/Library/PrivateFrameworks/AppSupport.framework/Versions/A/AppSupport
0x00007ff812c7d000 	/System/Library/PrivateFrameworks/IMFoundation.framework/Versions/A/IMFoundation
0x00007ff905e06000 	/System/Library/PrivateFrameworks/Marco.framework/Versions/A/Marco
0x00007ff813fbd000 	/System/Library/PrivateFrameworks/IDSFoundation.framework/Versions/A/IDSFoundation
0x00007ff80b5c3000 	/System/Library/PrivateFrameworks/CommonUtilities.framework/Versions/A/CommonUtilities
0x00007ff90a85e000 	/System/Library/PrivateFrameworks/FTServices.framework/Versions/A/FTServices
0x00007ff81d96d000 	/System/Library/PrivateFrameworks/Engram.framework/Versions/A/Engram
0x00007ff81d914000 	/usr/lib/libtidy.A.dylib
0x00007ff81167d000 	/System/Library/PrivateFrameworks/Bom.framework/Versions/A/Bom
0x00007ff9148ef000 	/System/Library/PrivateFrameworks/FTAWD.framework/Versions/A/FTAWD
0x000000012c736000 	/System/Library/Frameworks/FileProvider.framework/OverrideBundles/FileProviderOverride.bundle/Contents/MacOS/FileProviderOverride
0x000000012c8dd000 	/System/Library/Frameworks/FileProvider.framework/OverrideBundles/FinderSyncCollaborationFileProviderOverride.bundle/Contents/MacOS/FinderSyncCollaborationFileProviderOverride
0x00007ff91b064000 	/System/Library/PrivateFrameworks/FinderSyncPriv.framework/Versions/A/FinderSyncPriv
0x00007ff80cd38000 	/System/Library/Frameworks/CloudKit.framework/Versions/A/CloudKit
0x00007ff81a21c000 	/System/Library/PrivateFrameworks/C2.framework/Versions/A/C2
0x00007ff80dcae000 	/System/Library/Frameworks/CoreLocation.framework/Versions/A/CoreLocation
0x00007ff81a214000 	/System/Library/Frameworks/PushKit.framework/Versions/A/PushKit
0x00007ff8185cb000 	/System/Library/PrivateFrameworks/CoreTime.framework/Versions/A/CoreTime
0x00007ff81bd0c000 	/System/Library/PrivateFrameworks/RTCReporting.framework/Versions/A/RTCReporting
0x00007ff814666000 	/System/Library/PrivateFrameworks/GeoServices.framework/Versions/A/GeoServices
0x00007ff812cf0000 	/System/Library/PrivateFrameworks/LocationSupport.framework/Versions/A/LocationSupport
0x00007ffb099db000 	/System/Library/PrivateFrameworks/GeoServicesCore.framework/Versions/A/GeoServicesCore
0x00007ff906603000 	/System/Library/PrivateFrameworks/PhoneNumbers.framework/Versions/A/PhoneNumbers
0x00007ff819a7b000 	/System/Library/PrivateFrameworks/RemoteServiceDiscovery.framework/Versions/A/RemoteServiceDiscovery

VM Arguments:
jvm_args: -agentlib:jdwp=transport=dt_socket,address=127.0.0.1:59295,suspend=y,server=n -Dvisualvm.id=180605904278416 -javaagent:/Users/caijinhui/Library/Caches/JetBrains/IntelliJIdea2022.1/captureAgent/debugger-agent.jar=file:/private/var/folders/1z/9n85r1j5673br_09_842pbjh0000gn/T/capture.props -Dfile.encoding=UTF-8 
java_command: cn.com.springCai.video.VideoPlayer
java_class_path (initial): /Library/Java/JavaVirtualMachines/jdk1.8.0_202.jdk/Contents/Home/jre/lib/charsets.jar:/Library/Java/JavaVirtualMachines/jdk1.8.0_202.jdk/Contents/Home/jre/lib/deploy.jar:/Library/Java/JavaVirtualMachines/jdk1.8.0_202.jdk/Contents/Home/jre/lib/ext/cldrdata.jar:/Library/Java/JavaVirtualMachines/jdk1.8.0_202.jdk/Contents/Home/jre/lib/ext/dnsns.jar:/Library/Java/JavaVirtualMachines/jdk1.8.0_202.jdk/Contents/Home/jre/lib/ext/jaccess.jar:/Library/Java/JavaVirtualMachines/jdk1.8.0_202.jdk/Contents/Home/jre/lib/ext/jfxrt.jar:/Library/Java/JavaVirtualMachines/jdk1.8.0_202.jdk/Contents/Home/jre/lib/ext/localedata.jar:/Library/Java/JavaVirtualMachines/jdk1.8.0_202.jdk/Contents/Home/jre/lib/ext/nashorn.jar:/Library/Java/JavaVirtualMachines/jdk1.8.0_202.jdk/Contents/Home/jre/lib/ext/sunec.jar:/Library/Java/JavaVirtualMachines/jdk1.8.0_202.jdk/Contents/Home/jre/lib/ext/sunjce_provider.jar:/Library/Java/JavaVirtualMachines/jdk1.8.0_202.jdk/Contents/Home/jre/lib/ext/sunpkcs11.jar:/Library/Java/JavaVirtualMachines/jdk1.8.0_202.jdk/Contents/Home/jre/lib/ext/zipfs.jar:/Library/Java/JavaVirtualMachines/jdk1.8.0_202.jdk/Contents/Home/jre/lib/javaws.jar:/Library/Java/JavaVirtualMachines/jdk1.8.0_202.jdk/Contents/Home/jre/lib/jce.jar:/Library/Java/JavaVirtualMachines/jdk1.8.0_202.jdk/Contents/Home/jre/lib/jfr.jar:/Library/Java/JavaVirtualMachines/jdk1.8.0_202.jdk/Contents/Home/jre/lib/jfxswt.jar:/Library/Java/JavaVirtualMachines/jdk1.8.0_202.jdk/Contents/Home/jre/lib/jsse.jar:/Library/Java/JavaVirtualMachines/jdk1.8.0_202.jdk/Contents/Home/jre/lib/management-agent.jar:/Library/Java/JavaVirtualMachines/jdk1.8.0_202.jdk/Contents/Home/jre/lib/plugin.jar:/Library/Java/JavaVirtualMachines/jdk1.8.0_202.jdk/Contents/Home/jre/lib/resources.jar:/Library/Java/JavaVirtualMachines/jdk1.8.0_202.jdk/Contents/Home/jre/lib/rt.jar:/Users/caijinhui/IdeaProjects/project/parentCai/springCai/target/classes:/Users/caijinhui/IdeaProjects/repository/org/springframework/boot/spring-bo
Launcher Type: SUN_STANDARD

Environment Variables:
JAVA_HOME=/Library/Java/JavaVirtualMachines/jdk1.8.0_202.jdk/Contents/Home
PATH=/opt/homebrew/bin:/opt/homebrew/sbin:/usr/local/bin:/usr/bin:/bin:/usr/sbin:/sbin:/Applications/VMware Fusion.app/Contents/Public:/Users/caijinhui/IdeaProjects/maven/bin:/Users/caijinhui/IdeaProjects/gradle-7.4.2/bin:/Users/caijinhui/IdeaProjects/apache-zookeeper-3.9.3-bin/bin
SHELL=/bin/zsh

Signal Handlers:
SIGSEGV: [libjvm.dylib+0x5b719d], sa_mask[0]=11111111111111111111111111111111, sa_flags=SA_ONSTACK|SA_RESTART|SA_SIGINFO
SIGBUS: [libjvm.dylib+0x5b719d], sa_mask[0]=11111111111111111111111111111111, sa_flags=SA_RESTART|SA_SIGINFO
SIGFPE: [libjvm.dylib+0x48c8fc], sa_mask[0]=11111111111111111111111111111111, sa_flags=SA_RESTART|SA_SIGINFO
SIGPIPE: [libjvm.dylib+0x48c8fc], sa_mask[0]=11111111111111111111111111111111, sa_flags=SA_RESTART|SA_SIGINFO
SIGXFSZ: [libjvm.dylib+0x48c8fc], sa_mask[0]=11111111111111111111111111111111, sa_flags=SA_RESTART|SA_SIGINFO
SIGILL: [libjvm.dylib+0x48c8fc], sa_mask[0]=11111111111111111111111111111111, sa_flags=SA_RESTART|SA_SIGINFO
SIGUSR1: SIG_DFL, sa_mask[0]=00000000000000000000000000000000, sa_flags=none
SIGUSR2: [libjvm.dylib+0x48c41a], sa_mask[0]=00100000000000000000000000000000, sa_flags=SA_RESTART|SA_SIGINFO
SIGHUP: [libjvm.dylib+0x48a9a5], sa_mask[0]=11111111111111111111111111111111, sa_flags=SA_RESTART|SA_SIGINFO
SIGINT: [libjvm.dylib+0x48a9a5], sa_mask[0]=11111111111111111111111111111111, sa_flags=SA_RESTART|SA_SIGINFO
SIGTERM: [libjvm.dylib+0x48a9a5], sa_mask[0]=11111111111111111111111111111111, sa_flags=SA_RESTART|SA_SIGINFO
SIGQUIT: [libjvm.dylib+0x48a9a5], sa_mask[0]=11111111111111111111111111111111, sa_flags=SA_RESTART|SA_SIGINFO


---------------  S Y S T E M  ---------------

OS:Bsduname:Darwin 21.3.0 Darwin Kernel Version 21.3.0: Wed Jan  5 21:37:58 PST 2022; root:xnu-8019.80.24~20/RELEASE_ARM64_T6000 x86_64
rlimit: STACK 8176k, CORE 0k, NPROC 2666, NOFILE 10240, AS infinity
load average:3.61 3.35 3.40

CPU:total 8 (initial active 8) (1 cores per cpu, 1 threads per core) family 6 model 44 stepping 0, cmov, cx8, fxsr, mmx, sse, sse2, sse3, ssse3, sse4.1, sse4.2, popcnt, aes, clmul, tsc, tscinvbit, tscinv

Memory: 4k page, physical 16777216k(17284k free)

/proc/meminfo:


vm_info: Java HotSpot(TM) 64-Bit Server VM (25.202-b08) for bsd-amd64 JRE (1.8.0_202-b08), built on Dec 15 2018 20:16:16 by "java_re" with gcc 4.2.1 (Based on Apple Inc. build 5658) (LLVM build 2336.11.00)

time: Wed Jun 11 10:05:22 2025
timezone: CST
elapsed time: 32 seconds (0d 0h 0m 32s)

